// Jest Snapshot v1, https://goo.gl/fbAQLP

exports[`#createDeviceEntity should convert to device entity 1`] = `
Object {
  "_class": Array [
    "Device",
  ],
  "_key": "google_mobile_device_deviceId",
  "_rawData": Array [],
  "_type": "google_mobile_device",
  "adbStatus": undefined,
  "brand": undefined,
  "category": "mobile",
  "createdOn": undefined,
  "deviceCompromisedStatus": undefined,
  "deviceId": "deviceId",
  "displayName": "Liz",
  "email": "liz@example.com",
  "encryptionStatus": undefined,
  "firstSyncOn": 1370453404325,
  "hardware": undefined,
  "hardwareId": "9123456780",
  "id": "deviceId",
  "imei": undefined,
  "lastSeenOn": 1376328604325,
  "lastSyncOn": 1376328604325,
  "macAddress": undefined,
  "make": "Galaxy Nexus",
  "manufacturer": undefined,
  "model": "Galaxy Nexus",
  "name": "Liz",
  "os": "Android 4.2.2",
  "ownerName": "Liz",
  "serial": undefined,
  "serialNumber": undefined,
  "status": "APPROVED",
  "type": "ANDROID",
  "userAgent": "Google Apps Device Policy 4.14",
  "wifiMacAddress": undefined,
}
`;

exports[`#createExpandedDeviceEntity should convert to device entity with more props 1`] = `
Object {
  "_class": Array [
    "Device",
  ],
  "_key": "google_mobile_device_deviceId",
  "_rawData": Array [],
  "_type": "google_mobile_device",
  "adbStatus": true,
  "brand": "My brand",
  "category": "mobile",
  "createdOn": undefined,
  "deviceCompromisedStatus": "not yet",
  "deviceId": "deviceId",
  "displayName": "Sales",
  "email": "sales@example.com",
  "encryptionStatus": "not today",
  "firstSyncOn": 1368639004325,
  "hardware": "Home Depot",
  "hardwareId": "1234567890",
  "id": "deviceId",
  "imei": "1234567fghjtyty",
  "lastSeenOn": 1370453404325,
  "lastSyncOn": 1370453404325,
  "macAddress": "00:00:00:00:00:01",
  "make": "Nexus 4",
  "manufacturer": "Google",
  "model": "Nexus 4",
  "name": "Sales",
  "os": "Android 4.2.2",
  "ownerName": "Sales",
  "serial": "123456789ABC",
  "serialNumber": "123456789ABC",
  "status": "APPROVED",
  "type": "ANDROID",
  "userAgent": "Google Apps Device Policy 4.14",
  "wifiMacAddress": "00:00:00:00:00:01",
}
`;
